// Jest Snapshot v1, https://goo.gl/fbAQLP

exports[`renders correctly 1`] = `
Array [
  <RCTSafeAreaView
    emulateUnlessSupported={true}
    style={
      Array [
        Object {
          "backgroundColor": "#EA1D2C",
          "elevation": 4,
          "zIndex": 0,
        },
        Object {
          "shadowColor": "#000000",
          "shadowOffset": Object {
            "height": 3,
            "width": 0,
          },
          "shadowOpacity": 0.24,
          "shadowRadius": 4,
        },
      ]
    }
  >
    <View
      style={
        Object {
          "alignItems": "center",
          "backgroundColor": "#EA1D2C",
          "elevation": 0,
          "flexDirection": "row",
          "height": 56,
          "marginTop": 0,
          "paddingHorizontal": 4,
        }
      }
    >
      <View
        style={
          Object {
            "width": 48,
          }
        }
      />
      <View
        accessible={true}
        focusable={false}
        onClick={[Function]}
        onResponderGrant={[Function]}
        onResponderMove={[Function]}
        onResponderRelease={[Function]}
        onResponderTerminate={[Function]}
        onResponderTerminationRequest={[Function]}
        onStartShouldSetResponder={[Function]}
        style={
          Array [
            Object {
              "flex": 1,
              "paddingHorizontal": 12,
            },
            Array [
              false,
              Object {
                "alignItems": "center",
              },
              Object {
                "fontFamily": "cursive",
                "fontWeight": "bold",
              },
            ],
          ]
        }
      >
        <Text
          accessibilityRole="header"
          accessibilityTraits="header"
          accessible={true}
          numberOfLines={1}
          style={
            Array [
              Object {
                "color": "#000000",
                "fontFamily": "System",
                "fontWeight": "400",
                "textAlign": "left",
              },
              Array [
                Object {
                  "color": "#ffffff",
                  "fontFamily": "System",
                  "fontWeight": "400",
                },
                Object {
                  "fontSize": 17,
                },
                undefined,
              ],
            ]
          }
        >
          Food Recipes
        </Text>
      </View>
      <View
        collapsable={false}
      >
        <View
          accessibilityRole="button"
          accessibilityState={
            Object {
              "disabled": false,
            }
          }
          accessible={true}
          focusable={true}
          hitSlop={
            Object {
              "bottom": 6,
              "left": 6,
              "right": 6,
              "top": 6,
            }
          }
          onClick={[Function]}
          onResponderGrant={[Function]}
          onResponderMove={[Function]}
          onResponderRelease={[Function]}
          onResponderTerminate={[Function]}
          onResponderTerminationRequest={[Function]}
          onStartShouldSetResponder={[Function]}
          style={
            Array [
              Object {
                "overflow": "hidden",
              },
              Array [
                Object {
                  "alignItems": "center",
                  "justifyContent": "center",
                  "margin": 6,
                  "overflow": "hidden",
                },
                Object {
                  "borderRadius": 18,
                  "height": 36,
                  "width": 36,
                },
                false,
                undefined,
              ],
            ]
          }
          testID="user-menu"
        >
          <View>
            <View
              style={
                Array [
                  Object {
                    "alignItems": "center",
                    "justifyContent": "center",
                  },
                  Object {
                    "height": 24,
                    "width": 24,
                  },
                ]
              }
            >
              <View
                style={
                  Object {
                    "bottom": 0,
                    "left": 0,
                    "opacity": 1,
                    "position": "absolute",
                    "right": 0,
                    "top": 0,
                    "transform": Array [
                      Object {
                        "rotate": "0deg",
                      },
                    ],
                  }
                }
              >
                <Text
                  accessibilityElementsHidden={true}
                  allowFontScaling={false}
                  importantForAccessibility="no-hide-descendants"
                  pointerEvents="none"
                  style={
                    Array [
                      Object {
                        "color": "white",
                        "fontSize": 24,
                      },
                      Array [
                        Object {
                          "transform": Array [
                            Object {
                              "scaleX": 1,
                            },
                          ],
                        },
                        Object {
                          "backgroundColor": "transparent",
                        },
                      ],
                      Object {
                        "fontFamily": "Material Design Icons",
                        "fontStyle": "normal",
                        "fontWeight": "normal",
                      },
                      Object {},
                    ]
                  }
                >
                  󰙃
                </Text>
              </View>
            </View>
          </View>
        </View>
      </View>
    </View>
  </RCTSafeAreaView>,
  <View
    style={
      Object {
        "alignItems": "center",
        "flex": 1,
        "justifyContent": "center",
      }
    }
  />,
  <View
    style={
      Object {
        "alignItems": "center",
        "backgroundColor": "#EA1D2C",
        "bottom": 0,
        "elevation": 4,
        "flexDirection": "row",
        "height": 56,
        "left": 0,
        "paddingHorizontal": 4,
        "position": "absolute",
        "right": 0,
        "shadowColor": "#000000",
        "shadowOffset": Object {
          "height": 3,
          "width": 0,
        },
        "shadowOpacity": 0.24,
        "shadowRadius": 4,
      }
    }
  >
    <View
      accessibilityRole="button"
      accessibilityState={
        Object {
          "disabled": false,
        }
      }
      accessible={true}
      focusable={true}
      hitSlop={
        Object {
          "bottom": 6,
          "left": 6,
          "right": 6,
          "top": 6,
        }
      }
      onClick={[Function]}
      onResponderGrant={[Function]}
      onResponderMove={[Function]}
      onResponderRelease={[Function]}
      onResponderTerminate={[Function]}
      onResponderTerminationRequest={[Function]}
      onStartShouldSetResponder={[Function]}
      style={
        Array [
          Object {
            "overflow": "hidden",
          },
          Array [
            Object {
              "alignItems": "center",
              "justifyContent": "center",
              "margin": 6,
              "overflow": "hidden",
            },
            Object {
              "borderRadius": 18,
              "height": 36,
              "width": 36,
            },
            false,
            undefined,
          ],
        ]
      }
      testID="all-recipes"
    >
      <View>
        <View
          style={
            Array [
              Object {
                "alignItems": "center",
                "justifyContent": "center",
              },
              Object {
                "height": 24,
                "width": 24,
              },
            ]
          }
        >
          <View
            style={
              Object {
                "bottom": 0,
                "left": 0,
                "opacity": 1,
                "position": "absolute",
                "right": 0,
                "top": 0,
                "transform": Array [
                  Object {
                    "rotate": "0deg",
                  },
                ],
              }
            }
          >
            <Text
              accessibilityElementsHidden={true}
              allowFontScaling={false}
              importantForAccessibility="no-hide-descendants"
              pointerEvents="none"
              style={
                Array [
                  Object {
                    "color": "#ffffff",
                    "fontSize": 24,
                  },
                  Array [
                    Object {
                      "transform": Array [
                        Object {
                          "scaleX": 1,
                        },
                      ],
                    },
                    Object {
                      "backgroundColor": "transparent",
                    },
                  ],
                  Object {
                    "fontFamily": "Material Design Icons",
                    "fontStyle": "normal",
                    "fontWeight": "normal",
                  },
                  Object {},
                ]
              }
            >
              󰺻
            </Text>
          </View>
        </View>
      </View>
    </View>
    <View
      accessibilityRole="button"
      accessibilityState={
        Object {
          "disabled": false,
        }
      }
      accessible={true}
      focusable={true}
      hitSlop={
        Object {
          "bottom": 6,
          "left": 6,
          "right": 6,
          "top": 6,
        }
      }
      onClick={[Function]}
      onResponderGrant={[Function]}
      onResponderMove={[Function]}
      onResponderRelease={[Function]}
      onResponderTerminate={[Function]}
      onResponderTerminationRequest={[Function]}
      onStartShouldSetResponder={[Function]}
      style={
        Array [
          Object {
            "overflow": "hidden",
          },
          Array [
            Object {
              "alignItems": "center",
              "justifyContent": "center",
              "margin": 6,
              "overflow": "hidden",
            },
            Object {
              "borderRadius": 18,
              "height": 36,
              "width": 36,
            },
            false,
            undefined,
          ],
        ]
      }
      testID="my-recipes"
    >
      <View>
        <View
          style={
            Array [
              Object {
                "alignItems": "center",
                "justifyContent": "center",
              },
              Object {
                "height": 24,
                "width": 24,
              },
            ]
          }
        >
          <View
            style={
              Object {
                "bottom": 0,
                "left": 0,
                "opacity": 1,
                "position": "absolute",
                "right": 0,
                "top": 0,
                "transform": Array [
                  Object {
                    "rotate": "0deg",
                  },
                ],
              }
            }
          >
            <Text
              accessibilityElementsHidden={true}
              allowFontScaling={false}
              importantForAccessibility="no-hide-descendants"
              pointerEvents="none"
              style={
                Array [
                  Object {
                    "color": "#ffffff",
                    "fontSize": 24,
                  },
                  Array [
                    Object {
                      "transform": Array [
                        Object {
                          "scaleX": 1,
                        },
                      ],
                    },
                    Object {
                      "backgroundColor": "transparent",
                    },
                  ],
                  Object {
                    "fontFamily": "Material Design Icons",
                    "fontStyle": "normal",
                    "fontWeight": "normal",
                  },
                  Object {},
                ]
              }
            >
              󰺻
            </Text>
          </View>
        </View>
      </View>
    </View>
  </View>,
]
`;
