// Jest Snapshot v1, https://goo.gl/fbAQLP

exports[`renders correctly 1`] = `
<View
  style={
    Object {
      "alignItems": "center",
      "backgroundColor": "#FFFFFF",
      "flex": 1,
      "justifyContent": "center",
    }
  }
>
  <Text
    style={
      Object {
        "color": "#404040",
        "fontFamily": "cursive",
        "fontSize": 32,
        "fontWeight": "bold",
        "marginBottom": 25,
      }
    }
  >
     Food Recipes 
  </Text>
  <TextInput
    allowFontScaling={true}
    onChangeText={[Function]}
    onKeyPress={[Function]}
    placeholder="email"
    rejectResponderTermination={true}
    style={
      Object {
        "alignSelf": "stretch",
        "backgroundColor": "#FFFFFF",
        "borderColor": "#EA1D2C",
        "borderRadius": 5,
        "borderWidth": 1,
        "fontSize": 16,
        "marginBottom": 15,
        "marginHorizontal": 20,
        "paddingHorizontal": 20,
        "paddingVertical": 15,
      }
    }
    underlineColorAndroid="transparent"
    value=""
  />
  <TextInput
    allowFontScaling={true}
    onChangeText={[Function]}
    onKeyPress={[Function]}
    placeholder="password"
    rejectResponderTermination={true}
    style={
      Object {
        "alignSelf": "stretch",
        "backgroundColor": "#FFFFFF",
        "borderColor": "#EA1D2C",
        "borderRadius": 5,
        "borderWidth": 1,
        "fontSize": 16,
        "marginBottom": 15,
        "marginHorizontal": 20,
        "paddingHorizontal": 20,
        "paddingVertical": 15,
      }
    }
    underlineColorAndroid="transparent"
    value=""
  />
  <TextInput
    allowFontScaling={true}
    onChangeText={[Function]}
    onKeyPress={[Function]}
    placeholder="repeat password"
    rejectResponderTermination={true}
    style={
      Object {
        "alignSelf": "stretch",
        "backgroundColor": "#FFFFFF",
        "borderColor": "#EA1D2C",
        "borderRadius": 5,
        "borderWidth": 1,
        "fontSize": 16,
        "marginBottom": 15,
        "marginHorizontal": 20,
        "paddingHorizontal": 20,
        "paddingVertical": 15,
      }
    }
    underlineColorAndroid="transparent"
    value=""
  />
  <View
    accessible={true}
    focusable={true}
    onBlur={[Function]}
    onClick={[Function]}
    onFocus={[Function]}
    onResponderGrant={[Function]}
    onResponderMove={[Function]}
    onResponderRelease={[Function]}
    onResponderTerminate={[Function]}
    onResponderTerminationRequest={[Function]}
    onStartShouldSetResponder={[Function]}
    style={
      Object {
        "alignSelf": "stretch",
        "backgroundColor": "#EA1D2C",
        "borderRadius": 5,
        "margin": 15,
        "marginHorizontal": 10,
        "padding": 20,
      }
    }
    testID="signUpButton"
  >
    <Text
      style={
        Object {
          "color": "#FFF",
          "fontSize": 16,
          "fontWeight": "bold",
          "textAlign": "center",
        }
      }
    >
      Sign Up
    </Text>
  </View>
</View>
`;
