// Jest Snapshot v1, https://goo.gl/fbAQLP

exports[`Renders correctly 1`] = `
<View
  collapsable={false}
  pointerEvents="box-none"
  style={
    Object {
      "flex": 1,
    }
  }
>
  <RCTSafeAreaView
    emulateUnlessSupported={true}
    style={
      Array [
        Object {
          "backgroundColor": "#EA1D2C",
          "elevation": 4,
          "zIndex": 0,
        },
        Object {
          "shadowColor": "#000000",
          "shadowOffset": Object {
            "height": 3,
            "width": 0,
          },
          "shadowOpacity": 0.24,
          "shadowRadius": 4,
        },
      ]
    }
  >
    <View
      style={
        Object {
          "alignItems": "center",
          "backgroundColor": "#EA1D2C",
          "elevation": 0,
          "flexDirection": "row",
          "height": 56,
          "justifyContent": "space-between",
          "marginTop": 0,
          "paddingHorizontal": 4,
        }
      }
    >
      <View
        accessibilityLabel="Back"
        accessibilityRole="button"
        accessibilityState={
          Object {
            "disabled": undefined,
          }
        }
        accessible={true}
        focusable={true}
        hitSlop={
          Object {
            "bottom": 6,
            "left": 6,
            "right": 6,
            "top": 6,
          }
        }
        onClick={[Function]}
        onResponderGrant={[Function]}
        onResponderMove={[Function]}
        onResponderRelease={[Function]}
        onResponderTerminate={[Function]}
        onResponderTerminationRequest={[Function]}
        onStartShouldSetResponder={[Function]}
        style={
          Array [
            Object {
              "overflow": "hidden",
            },
            Array [
              Object {
                "alignItems": "center",
                "justifyContent": "center",
                "margin": 6,
                "overflow": "hidden",
              },
              Object {
                "borderRadius": 18,
                "height": 36,
                "width": 36,
              },
              undefined,
              undefined,
            ],
          ]
        }
        testID="backButton"
      >
        <View>
          <View
            style={
              Array [
                Object {
                  "alignItems": "center",
                  "justifyContent": "center",
                },
                Object {
                  "height": 24,
                  "width": 24,
                },
              ]
            }
          >
            <View
              style={
                Object {
                  "bottom": 0,
                  "left": 0,
                  "opacity": 1,
                  "position": "absolute",
                  "right": 0,
                  "top": 0,
                  "transform": Array [
                    Object {
                      "rotate": "0deg",
                    },
                  ],
                }
              }
            >
              <View
                style={
                  Array [
                    Object {
                      "alignItems": "center",
                      "justifyContent": "center",
                    },
                    Object {
                      "height": 24,
                      "transform": Array [
                        Object {
                          "scaleX": 1,
                        },
                      ],
                      "width": 24,
                    },
                  ]
                }
              >
                <Image
                  source={
                    Object {
                      "process": [Function],
                    }
                  }
                  style={
                    Array [
                      Object {
                        "height": 21,
                        "resizeMode": "contain",
                        "width": 21,
                      },
                      Object {
                        "tintColor": "#ffffff",
                      },
                    ]
                  }
                />
              </View>
            </View>
          </View>
        </View>
      </View>
      <View
        collapsable={false}
      >
        <View
          accessibilityRole="button"
          accessibilityState={
            Object {
              "disabled": false,
            }
          }
          accessible={true}
          focusable={true}
          hitSlop={
            Object {
              "bottom": 6,
              "left": 6,
              "right": 6,
              "top": 6,
            }
          }
          onClick={[Function]}
          onResponderGrant={[Function]}
          onResponderMove={[Function]}
          onResponderRelease={[Function]}
          onResponderTerminate={[Function]}
          onResponderTerminationRequest={[Function]}
          onStartShouldSetResponder={[Function]}
          style={
            Array [
              Object {
                "overflow": "hidden",
              },
              Array [
                Object {
                  "alignItems": "center",
                  "justifyContent": "center",
                  "margin": 6,
                  "overflow": "hidden",
                },
                Object {
                  "borderRadius": 18,
                  "height": 36,
                  "width": 36,
                },
                false,
                Object {
                  "color": "white",
                },
              ],
            ]
          }
          testID="options"
        >
          <View>
            <View
              style={
                Array [
                  Object {
                    "alignItems": "center",
                    "justifyContent": "center",
                  },
                  Object {
                    "height": 24,
                    "width": 24,
                  },
                ]
              }
            >
              <View
                style={
                  Object {
                    "bottom": 0,
                    "left": 0,
                    "opacity": 1,
                    "position": "absolute",
                    "right": 0,
                    "top": 0,
                    "transform": Array [
                      Object {
                        "rotate": "0deg",
                      },
                    ],
                  }
                }
              >
                <Text
                  accessibilityElementsHidden={true}
                  allowFontScaling={false}
                  importantForAccessibility="no-hide-descendants"
                  pointerEvents="none"
                  style={
                    Array [
                      Object {
                        "color": "rgba(0, 0, 0, 0.54)",
                        "fontSize": 24,
                      },
                      Array [
                        Object {
                          "transform": Array [
                            Object {
                              "scaleX": 1,
                            },
                          ],
                        },
                        Object {
                          "backgroundColor": "transparent",
                        },
                      ],
                      Object {
                        "fontFamily": "Material Design Icons",
                        "fontStyle": "normal",
                        "fontWeight": "normal",
                      },
                      Object {},
                    ]
                  }
                >
                  ó°‡™
                </Text>
              </View>
            </View>
          </View>
        </View>
      </View>
    </View>
  </RCTSafeAreaView>
  <View
    style={
      Object {
        "alignItems": "center",
      }
    }
  >
    <Text
      selectable={true}
    >
      Fish
    </Text>
    <Text>
      Category: 
      Japonese Food
    </Text>
    <View
      style={
        Object {
          "backgroundColor": "#ffffff",
          "borderRadius": 4,
          "elevation": 1,
          "shadowColor": "#000000",
          "shadowOffset": Object {
            "height": 0.5,
            "width": 0,
          },
          "shadowOpacity": 0.24,
          "shadowRadius": 0.75,
          "width": "80%",
        }
      }
    >
      <View
        accessible={true}
        focusable={false}
        onClick={[Function]}
        onResponderGrant={[Function]}
        onResponderMove={[Function]}
        onResponderRelease={[Function]}
        onResponderTerminate={[Function]}
        onResponderTerminationRequest={[Function]}
        onStartShouldSetResponder={[Function]}
        style={
          Object {
            "flexGrow": 1,
            "flexShrink": 1,
          }
        }
      >
        <View
          style={
            Array [
              Object {
                "backgroundColor": "#eeeeee",
                "height": 195,
                "overflow": "hidden",
              },
              Object {
                "borderRadius": 4,
              },
              undefined,
            ]
          }
        >
          <Image
            siblings={
              Array [
                "withTheme(Card.Cover)",
              ]
            }
            source={
              Object {
                "uri": "https://upload.wikimedia.org/wikipedia/commons/5/57/Oseti.jpg",
              }
            }
            style={
              Array [
                Object {
                  "flex": 1,
                  "height": undefined,
                  "justifyContent": "flex-end",
                  "padding": 16,
                  "resizeMode": "cover",
                  "width": undefined,
                },
                Object {
                  "borderRadius": 4,
                },
              ]
            }
          />
        </View>
      </View>
    </View>
    <Text
      selectable={true}
      testID="descView"
    >
      you got that yummi yummi...
    </Text>
  </View>
</View>
`;
